[18:51:12] [main/INFO]: Loading Minecraft 1.21.11 with Fabric Loader 0.18.4
[18:51:12] [main/WARN]: Warnings were found!
 - Mod 'Forge Config API Port' (forgeconfigapiport) 21.11.1 recommends any version of modmenu, which is missing!
	 - You should install any version of modmenu for the optimal experience.
 - Mod 'Quick Leaf Decay' (quickleafdecay) 0.4.1 recommends any version of modmenu, which is missing!
	 - You should install any version of modmenu for the optimal experience.
[18:51:12] [main/INFO]: Loading 48 mods:
	- carryon 2.9.0
	- fabric-api 0.141.1+1.21.11
	   |-- fabric-api-base 1.0.5+4ebb5c083e
	   |-- fabric-api-lookup-api-v1 1.6.113+1fb1cde93e
	   |-- fabric-biome-api-v1 17.1.1+4fc5413f3e
	   |-- fabric-block-api-v1 1.1.10+4ebb5c083e
	   |-- fabric-block-view-api-v2 1.0.39+4ebb5c083e
	   |-- fabric-command-api-v2 2.4.7+6b42a6003e
	   |-- fabric-content-registries-v0 10.2.14+4fc5413f3e
	   |-- fabric-convention-tags-v1 2.1.55+7f945d5b3e
	   |-- fabric-convention-tags-v2 2.17.3+8ef948ba3e
	   |-- fabric-crash-report-info-v1 0.3.23+4ebb5c083e
	   |-- fabric-data-attachment-api-v1 1.8.46+b6ef3aec3e
	   |-- fabric-data-generation-api-v1 23.4.0+69974c4e3e
	   |-- fabric-dimensions-v1 4.0.28+4fc5413f3e
	   |-- fabric-entity-events-v1 3.1.1+1d0ab4303e
	   |-- fabric-events-interaction-v0 4.1.0+3b89ecf63e
	   |-- fabric-game-rule-api-v1 2.0.3+4fc5413f3e
	   |-- fabric-item-api-v1 11.5.20+d0c46b9e3e
	   |-- fabric-item-group-api-v1 4.2.36+4fc5413f3e
	   |-- fabric-key-binding-api-v1 1.1.7+4fc5413f3e
	   |-- fabric-lifecycle-events-v1 2.6.15+4ebb5c083e
	   |-- fabric-loot-api-v2 3.0.73+3f89f5a53e
	   |-- fabric-loot-api-v3 2.0.20+78c8b4663e
	   |-- fabric-message-api-v1 6.1.12+4ebb5c083e
	   |-- fabric-model-loading-api-v1 6.0.14+4fc5413f3e
	   |-- fabric-networking-api-v1 5.1.5+ae1e07683e
	   |-- fabric-object-builder-api-v1 21.1.39+4fc5413f3e
	   |-- fabric-particles-v1 4.2.11+4fc5413f3e
	   |-- fabric-recipe-api-v1 8.2.3+4ebb5c083e
	   |-- fabric-registry-sync-v0 6.2.5+1718722b3e
	   |-- fabric-renderer-api-v1 8.0.2+f4ffd2e53e
	   |-- fabric-renderer-indigo 5.0.2+f4ffd2e53e
	   |-- fabric-rendering-fluids-v1 3.1.43+4ebb5c083e
	   |-- fabric-rendering-v1 16.2.9+7edacff13e
	   |-- fabric-resource-conditions-api-v1 5.0.35+4fc5413f3e
	   |-- fabric-resource-loader-v0 3.3.4+4fc5413f3e
	   |-- fabric-resource-loader-v1 1.0.10+78c8b4663e
	   |-- fabric-screen-api-v1 3.1.7+4ebb5c083e
	   |-- fabric-screen-handler-api-v1 1.3.161+4fc5413f3e
	   |-- fabric-serialization-api-v1 1.0.5+4ebb5c083e
	   |-- fabric-sound-api-v1 1.0.51+4fc5413f3e
	   |-- fabric-tag-api-v1 1.2.20+4fc5413f3e
	   |-- fabric-transfer-api-v1 6.0.24+4fc5413f3e
	   \-- fabric-transitive-access-wideners-v1 7.1.0+014c8cec3e
	- fabricloader 0.18.4
	   \-- mixinextras 0.5.0
	- forgeconfigapiport 21.11.1
	   |-- com_electronwill_night-config_core 3.8.3
	   \-- com_electronwill_night-config_toml 3.8.3
	- horseman 1.7.2
	- java 21
	- minecraft 1.21.11
	- quickleafdecay 0.4.1
	   \-- mixinextras 0.5.0
	- sniffertweak 1.1.1+mc1.21.2
[18:51:12] [main/INFO]: SpongePowered MIXIN Subsystem Version=0.8.7 Source=file:/root/minecraft-server/libraries/net/fabricmc/sponge-mixin/0.17.0+mixin.0.8.7/sponge-mixin-0.17.0+mixin.0.8.7.jar Service=Knot/Fabric Env=SERVER
[18:51:12] [main/INFO]: Compatibility level set to JAVA_21
[18:51:13] [main/WARN]: Reference map 'carryon.refmap.json' for carryon.mixins.json could not be read. If this is a development environment you can ignore this message
[18:51:14] [main/INFO]: Initializing MixinExtras via com.llamalad7.mixinextras.service.MixinExtrasServiceImpl(version=0.5.0).
[18:51:32] [main/INFO]: Environment: Environment[sessionHost=https://sessionserver.mojang.com, servicesHost=https://api.minecraftservices.com, profilesHost=https://api.mojang.com, name=PROD]
[18:51:32] [main/INFO]: Found new data pack carryon, loading it automatically
[18:51:32] [main/INFO]: Found new data pack fabric-convention-tags-v2, loading it automatically
[18:51:32] [main/INFO]: Found new data pack horseman, loading it automatically
[18:51:32] [main/INFO]: Found new data pack quickleafdecay, loading it automatically
[18:51:32] [main/INFO]: Found new data pack sniffertweak, loading it automatically
[18:51:35] [main/INFO]: No existing world data, creating new world
[18:51:37] [main/INFO]: Loaded 1472 recipes
[18:51:37] [main/INFO]: Loaded 1586 advancements
[18:51:38] [main/INFO]: Applied 0 biome modifications to 0 of 65 new biomes in 14.41 ms
[18:51:38] [Server thread/INFO]: Starting minecraft server version 1.21.11
[18:51:38] [Server thread/INFO]: Loading properties
[18:51:38] [Server thread/INFO]: Default game type: SURVIVAL
[18:51:38] [Server thread/INFO]: Generating keypair
[18:51:38] [Server thread/INFO]: Starting Minecraft server on *:25565
[18:51:38] [Server thread/INFO]: Preparing level "scape"
[18:51:39] [Server thread/INFO]: Selecting global world spawn...
[18:51:57] [Server thread/INFO]: Loading 0 persistent chunks...
[18:51:57] [Server thread/INFO]: Preparing spawn area: 100%
[18:51:57] [Server thread/INFO]: Time elapsed: 17708 ms
[18:51:57] [Server thread/INFO]: Done (18.456s)! For help, type "help"
[18:52:30] [Server thread/INFO]: Made pteren a server operator
[18:52:57] [Server thread/INFO]: Server empty for 60 seconds, pausing
[18:54:52] [User Authenticator #1/INFO]: UUID of player MayhemFirefly is 9cbedc52-cb5a-4399-8a2e-1fdabb1b2320
[18:55:14] [Server thread/INFO]: MayhemFirefly[/105.178.104.9:26375] logged in with entity id 3 at (26.5, 65.0, 1.5)
[18:55:14] [Server thread/INFO]: MayhemFirefly joined the game
[18:55:31] [Server thread/INFO]: <MayhemFirefly> AWESOME SPAWN
[18:56:04] [User Authenticator #2/INFO]: UUID of player pteren is b4ae8f90-0860-4f82-8ea0-f0db8216b986
[18:56:07] [Server thread/INFO]: pteren[/68.52.60.17:50444] logged in with entity id 298 at (24.5, 64.0, 12.5)
[18:56:07] [Server thread/INFO]: pteren joined the game
[18:56:17] [Server thread/INFO]: [pteren: Made MayhemFirefly a server operator]
[18:56:21] [Server thread/INFO]: [pteren: Set MayhemFirefly's game mode to Creative Mode]
[18:56:21] [Server thread/INFO]: [pteren: Set own game mode to Creative Mode]
[18:56:32] [Server thread/INFO]: KittyScan (/163.172.143.147:60796) lost connection: Disconnected
[18:56:58] [Server thread/INFO]: [pteren: Applied effect Night Vision to 2 targets]
[18:57:32] [Server thread/WARN]: pteren moved too quickly! -9.089841637753977,0.0,-5.971757608728986
[18:58:48] [Server thread/INFO]: [pteren: Teleported 2 entities to 147.367714, 51.000000, -23.846700]
[18:59:01] [Server thread/INFO]: [pteren: Teleported 2 entities to 147.300000, 151.200000, -24.300000]
[19:00:50] [Server thread/WARN]: pteren moved too quickly! -5.691864766490653,-2.5125799322921836,7.969504747019016
[19:00:56] [Server thread/INFO]: [pteren: Set own game mode to Spectator Mode]
[19:02:00] [Server thread/INFO]: [pteren: Set own game mode to Creative Mode]
[19:02:36] [Server thread/WARN]: pteren moved too quickly! 1.520921207251206,6.7500002682209015,7.774974730747262
[19:05:23] [Server thread/INFO]: [MayhemFirefly: Set the time to 1000]
[19:05:35] [Server thread/INFO]: [pteren: Gamerule advance_time is now set to: false]
[19:06:48] [Server thread/WARN]: pteren moved too quickly! 3.53994615031138,-3.375000134097945,9.352036051454604
[19:06:48] [Server thread/WARN]: MayhemFirefly moved too quickly! -6.200899950327752,0.0,-8.232063147925771
[19:07:03] [Server thread/WARN]: MayhemFirefly moved too quickly! 9.449039586645654,-3.7343489608490756,-1.4058168252830257
[19:07:03] [Server thread/WARN]: pteren moved too quickly! -3.85095464941125,0.0,-9.772054588570882
[19:07:38] [Server thread/INFO]: [pteren: Teleported MayhemFirefly to pteren]
[19:09:16] [Server thread/WARN]: MayhemFirefly moved too quickly! 3.363166812557381,0.0,-10.354647075077459
[19:10:00] [Server thread/WARN]: MayhemFirefly moved too quickly! -9.973534159064286,0.0,-3.3472989207906494
[19:10:00] [Server thread/WARN]: pteren moved too quickly! -9.250885671130732,-2.9756667601858453,-4.153917239675934
[19:10:03] [Server thread/WARN]: pteren moved too quickly! -1.0280770111072002,-11.798174230684367,-1.3040341856258806
[19:10:03] [Server thread/WARN]: MayhemFirefly moved too quickly! -8.5984336361592,0.0,-6.541956375730365
[19:11:02] [Server thread/WARN]: pteren moved too quickly! -10.187391573182879,1.3030521672818622,-1.7824648136111705
[19:12:05] [Server thread/WARN]: Can't keep up! Is the server overloaded? Running 3420ms or 68 ticks behind
[19:12:05] [Server thread/WARN]: MayhemFirefly moved too quickly! 0.5290224675088666,-10.125968145209413,-1.817416581401858
[19:12:05] [Server thread/WARN]: pteren moved too quickly! -1.8705929539803492,6.37500025331974,-7.965275876160035
[19:12:25] [Server thread/WARN]: Can't keep up! Is the server overloaded? Running 3760ms or 75 ticks behind
[19:12:25] [Server thread/WARN]: pteren moved too quickly! -9.900174209060651,0.0,2.2949332830083904
[19:12:25] [Server thread/WARN]: MayhemFirefly moved too quickly! -9.476035818883474,0.0,-3.852298029769372
[19:15:31] [Server thread/WARN]: pteren moved too quickly! 9.451837000170599,-2.730540841941931,4.116653399410211
[19:20:37] [Server thread/WARN]: MayhemFirefly moved too quickly! 0.7373965486938232,-2.5770349343149945,-9.727202875384819
[19:27:17] [Server thread/INFO]: MayhemFirefly lost connection: Timed out
[19:27:17] [Server thread/INFO]: MayhemFirefly left the game
[19:27:17] [Server thread/WARN]: handleDisconnection() called twice
[19:33:15] [Server thread/INFO]: [pteren: Gave 1 [Debug Stick] to pteren]
[19:33:47] [Server thread/INFO]: MayhemFirefly (/105.178.32.153:60337) lost connection: Timed out
[19:34:42] [User Authenticator #3/INFO]: UUID of player MayhemFirefly is 9cbedc52-cb5a-4399-8a2e-1fdabb1b2320
[19:34:46] [Server thread/INFO]: MayhemFirefly[/105.178.104.167:19434] logged in with entity id 20218 at (363.4403180973212, 74.9693308731738, -406.0989100556325)
[19:34:46] [Server thread/INFO]: MayhemFirefly joined the game
[19:45:23] [Server thread/WARN]: Can't keep up! Is the server overloaded? Running 2005ms or 40 ticks behind
[19:49:54] [Server thread/INFO]: pteren lost connection: Disconnected
[19:49:54] [Server thread/INFO]: pteren left the game
[21:00:41] [Server thread/WARN]: Can't keep up! Is the server overloaded? Running 17813ms or 356 ticks behind
[21:05:16] [Server thread/INFO]: [MayhemFirefly: Gave 6400 [Raw Cod] to MayhemFirefly]
[21:05:49] [Server thread/INFO]: [MayhemFirefly: Gave 6400 [Raw Cod] to MayhemFirefly]
[21:06:19] [Server thread/INFO]: [MayhemFirefly: Gave 6400 [Raw Cod] to MayhemFirefly]
[21:06:47] [Server thread/INFO]: [MayhemFirefly: Gave 6400 [Raw Cod] to MayhemFirefly]
[21:07:04] [Server thread/INFO]: [MayhemFirefly: Gave 6400 [Raw Cod] to MayhemFirefly]
[21:07:28] [Server thread/INFO]: [MayhemFirefly: Gave 6400 [Raw Cod] to MayhemFirefly]
[21:07:48] [Server thread/INFO]: [MayhemFirefly: Gave 6400 [Raw Cod] to MayhemFirefly]
[21:08:56] [Server thread/INFO]: [MayhemFirefly: Gave 6400 [Honeycomb] to MayhemFirefly]
[21:09:43] [Server thread/INFO]: [MayhemFirefly: Gave 1600 [Honey Bottle] to MayhemFirefly]
[21:10:07] [Server thread/INFO]: [MayhemFirefly: Gave 1600 [Honey Bottle] to MayhemFirefly]
[21:11:16] [Server thread/INFO]: [MayhemFirefly: Gave 6400 [Blaze Powder] to MayhemFirefly]
[21:12:18] [Server thread/INFO]: [MayhemFirefly: Gave 6400 [Glowstone Dust] to MayhemFirefly]
[21:15:27] [Server thread/INFO]: [MayhemFirefly: Set the time to 1000]
[21:15:33] [Server thread/INFO]: [MayhemFirefly: Set the weather to clear]
[21:48:25] [Server thread/INFO]: MayhemFirefly has made the advancement [Stone Age]
[22:22:51] [Server thread/INFO]: MayhemFirefly lost connection: Disconnected
[22:22:51] [Server thread/INFO]: MayhemFirefly left the game
[22:23:51] [Server thread/INFO]: Server empty for 60 seconds, pausing
[23:35:57] [Server thread/INFO]: Stopping the server
[23:35:57] [Server thread/INFO]: Stopping server
[23:35:57] [Server thread/INFO]: Saving players
[23:35:57] [Server thread/INFO]: Saving worlds
[23:35:57] [Server thread/INFO]: Saving chunks for level 'ServerLevel[world]'/minecraft:overworld
[23:35:57] [Server thread/INFO]: Saving chunks for level 'ServerLevel[world]'/minecraft:the_nether
[23:35:57] [Server thread/INFO]: Saving chunks for level 'ServerLevel[world]'/minecraft:the_end
[23:35:57] [Server thread/INFO]: ThreadedAnvilChunkStorage (scape): All chunks are saved
[23:35:57] [Server thread/INFO]: ThreadedAnvilChunkStorage (DIM-1): All chunks are saved
[23:35:57] [Server thread/INFO]: ThreadedAnvilChunkStorage (DIM1): All chunks are saved
[23:35:57] [Server thread/INFO]: ThreadedAnvilChunkStorage: All dimensions are saved
